// Jest Snapshot v1, https://goo.gl/fbAQLP

exports[`Game component snapshot testing 1`] = `
Object {
  "asFragment": [Function],
  "baseElement": <body>
    <div>
      <header
        class="sc-gsTCUz kLiwXF"
      >
        <div
          class="sc-bXDlPE fRaozC sc-fHuLdG kXjXPE"
        >
          <button
            class="sc-jSgupP eNEwFx"
            type="button"
          >
            Game size
          </button>
        </div>
      </header>
      <div
        class="sc-dFJsGO cqQxjT sc-eHfQar idyTgo"
      >
        <div
          class="sc-euMpXR fqDwqG"
          data-active="true"
        >
          Bugsweeper
        </div>
        <div
          class="sc-gInsOo fnhHlM"
        >
          <div
            class="sc-bBrOnJ BLhJT sc-dkIXFM cHUkBK"
          >
            <div
              class="sc-dmlrTW cRsllR sc-XhUPp fSYWEw"
            >
              <div
                class="sc-hHftDr gBwTXM"
              >
                <span
                  class="horizontal top active"
                />
                <span
                  class="center"
                />
                <span
                  class="horizontal bottom active"
                />
                <span
                  class="vertical top left active"
                />
                <span
                  class="vertical top right active"
                />
                <span
                  class="vertical bottom left active"
                />
                <span
                  class="vertical bottom right active"
                />
              </div>
              <div
                class="sc-hHftDr gBwTXM"
              >
                <span
                  class="horizontal top"
                />
                <span
                  class="center"
                />
                <span
                  class="horizontal bottom"
                />
                <span
                  class="vertical top left"
                />
                <span
                  class="vertical top right active"
                />
                <span
                  class="vertical bottom left"
                />
                <span
                  class="vertical bottom right active"
                />
              </div>
              <div
                class="sc-hHftDr gBwTXM"
              >
                <span
                  class="horizontal top active"
                />
                <span
                  class="center"
                />
                <span
                  class="horizontal bottom active"
                />
                <span
                  class="vertical top left active"
                />
                <span
                  class="vertical top right active"
                />
                <span
                  class="vertical bottom left active"
                />
                <span
                  class="vertical bottom right active"
                />
              </div>
            </div>
            <button
              class="sc-jSgupP fGmjUd sc-tYoTV iWrYfE"
              type="button"
            >
              <img
                alt=":)"
                class="sc-ikPAkQ IXioS"
                src="smileyface.svg"
              />
            </button>
            <div
              class="sc-dmlrTW cRsllR sc-XhUPp fSYWEw"
            >
              <div
                class="sc-hHftDr gBwTXM"
              >
                <span
                  class="horizontal top active"
                />
                <span
                  class="center"
                />
                <span
                  class="horizontal bottom active"
                />
                <span
                  class="vertical top left active"
                />
                <span
                  class="vertical top right active"
                />
                <span
                  class="vertical bottom left active"
                />
                <span
                  class="vertical bottom right active"
                />
              </div>
              <div
                class="sc-hHftDr gBwTXM"
              >
                <span
                  class="horizontal top active"
                />
                <span
                  class="center"
                />
                <span
                  class="horizontal bottom active"
                />
                <span
                  class="vertical top left active"
                />
                <span
                  class="vertical top right active"
                />
                <span
                  class="vertical bottom left active"
                />
                <span
                  class="vertical bottom right active"
                />
              </div>
              <div
                class="sc-hHftDr gBwTXM"
              >
                <span
                  class="horizontal top active"
                />
                <span
                  class="center"
                />
                <span
                  class="horizontal bottom active"
                />
                <span
                  class="vertical top left active"
                />
                <span
                  class="vertical top right active"
                />
                <span
                  class="vertical bottom left active"
                />
                <span
                  class="vertical bottom right active"
                />
              </div>
            </div>
          </div>
          <div
            class="sc-biBrSq eljSCJ"
            id="board"
          >
            <button
              class="sc-jSgupP ikPfBF sc-kYrkKh hQtRWm"
              type="button"
            >
               
            </button>
            <button
              class="sc-jSgupP ikPfBF sc-kYrkKh hQtRWm"
              type="button"
            >
               
            </button>
            <button
              class="sc-jSgupP ikPfBF sc-kYrkKh hQtRWm"
              type="button"
            >
               
            </button>
            <button
              class="sc-jSgupP ikPfBF sc-kYrkKh hQtRWm"
              type="button"
            >
               
            </button>
            <button
              class="sc-jSgupP ikPfBF sc-kYrkKh hQtRWm"
              type="button"
            >
               
            </button>
            <button
              class="sc-jSgupP ikPfBF sc-kYrkKh hQtRWm"
              type="button"
            >
               
            </button>
            <button
              class="sc-jSgupP ikPfBF sc-kYrkKh hQtRWm"
              type="button"
            >
               
            </button>
            <button
              class="sc-jSgupP ikPfBF sc-kYrkKh hQtRWm"
              type="button"
            >
               
            </button>
            <button
              class="sc-jSgupP ikPfBF sc-kYrkKh hQtRWm"
              type="button"
            >
               
            </button>
            <button
              class="sc-jSgupP ikPfBF sc-kYrkKh hQtRWm"
              type="button"
            >
               
            </button>
            <button
              class="sc-jSgupP ikPfBF sc-kYrkKh hQtRWm"
              type="button"
            >
               
            </button>
            <button
              class="sc-jSgupP ikPfBF sc-kYrkKh hQtRWm"
              type="button"
            >
               
            </button>
            <button
              class="sc-jSgupP ikPfBF sc-kYrkKh hQtRWm"
              type="button"
            >
               
            </button>
            <button
              class="sc-jSgupP ikPfBF sc-kYrkKh hQtRWm"
              type="button"
            >
               
            </button>
            <button
              class="sc-jSgupP ikPfBF sc-kYrkKh hQtRWm"
              type="button"
            >
               
            </button>
            <button
              class="sc-jSgupP ikPfBF sc-kYrkKh hQtRWm"
              type="button"
            >
               
            </button>
            <button
              class="sc-jSgupP ikPfBF sc-kYrkKh hQtRWm"
              type="button"
            >
               
            </button>
            <button
              class="sc-jSgupP ikPfBF sc-kYrkKh hQtRWm"
              type="button"
            >
               
            </button>
            <button
              class="sc-jSgupP ikPfBF sc-kYrkKh hQtRWm"
              type="button"
            >
               
            </button>
            <button
              class="sc-jSgupP ikPfBF sc-kYrkKh hQtRWm"
              type="button"
            >
               
            </button>
            <button
              class="sc-jSgupP ikPfBF sc-kYrkKh hQtRWm"
              type="button"
            >
               
            </button>
            <button
              class="sc-jSgupP ikPfBF sc-kYrkKh hQtRWm"
              type="button"
            >
               
            </button>
            <button
              class="sc-jSgupP ikPfBF sc-kYrkKh hQtRWm"
              type="button"
            >
               
            </button>
            <button
              class="sc-jSgupP ikPfBF sc-kYrkKh hQtRWm"
              type="button"
            >
               
            </button>
            <button
              class="sc-jSgupP ikPfBF sc-kYrkKh hQtRWm"
              type="button"
            >
               
            </button>
            <button
              class="sc-jSgupP ikPfBF sc-kYrkKh hQtRWm"
              type="button"
            >
               
            </button>
            <button
              class="sc-jSgupP ikPfBF sc-kYrkKh hQtRWm"
              type="button"
            >
               
            </button>
            <button
              class="sc-jSgupP ikPfBF sc-kYrkKh hQtRWm"
              type="button"
            >
               
            </button>
            <button
              class="sc-jSgupP ikPfBF sc-kYrkKh hQtRWm"
              type="button"
            >
               
            </button>
            <button
              class="sc-jSgupP ikPfBF sc-kYrkKh hQtRWm"
              type="button"
            >
               
            </button>
            <button
              class="sc-jSgupP ikPfBF sc-kYrkKh hQtRWm"
              type="button"
            >
               
            </button>
            <button
              class="sc-jSgupP ikPfBF sc-kYrkKh hQtRWm"
              type="button"
            >
               
            </button>
            <button
              class="sc-jSgupP ikPfBF sc-kYrkKh hQtRWm"
              type="button"
            >
               
            </button>
            <button
              class="sc-jSgupP ikPfBF sc-kYrkKh hQtRWm"
              type="button"
            >
               
            </button>
            <button
              class="sc-jSgupP ikPfBF sc-kYrkKh hQtRWm"
              type="button"
            >
               
            </button>
            <button
              class="sc-jSgupP ikPfBF sc-kYrkKh hQtRWm"
              type="button"
            >
               
            </button>
            <button
              class="sc-jSgupP ikPfBF sc-kYrkKh hQtRWm"
              type="button"
            >
               
            </button>
            <button
              class="sc-jSgupP ikPfBF sc-kYrkKh hQtRWm"
              type="button"
            >
               
            </button>
            <button
              class="sc-jSgupP ikPfBF sc-kYrkKh hQtRWm"
              type="button"
            >
               
            </button>
            <button
              class="sc-jSgupP ikPfBF sc-kYrkKh hQtRWm"
              type="button"
            >
               
            </button>
            <button
              class="sc-jSgupP ikPfBF sc-kYrkKh hQtRWm"
              type="button"
            >
               
            </button>
            <button
              class="sc-jSgupP ikPfBF sc-kYrkKh hQtRWm"
              type="button"
            >
               
            </button>
            <button
              class="sc-jSgupP ikPfBF sc-kYrkKh hQtRWm"
              type="button"
            >
               
            </button>
            <button
              class="sc-jSgupP ikPfBF sc-kYrkKh hQtRWm"
              type="button"
            >
               
            </button>
            <button
              class="sc-jSgupP ikPfBF sc-kYrkKh hQtRWm"
              type="button"
            >
               
            </button>
            <button
              class="sc-jSgupP ikPfBF sc-kYrkKh hQtRWm"
              type="button"
            >
               
            </button>
            <button
              class="sc-jSgupP ikPfBF sc-kYrkKh hQtRWm"
              type="button"
            >
               
            </button>
            <button
              class="sc-jSgupP ikPfBF sc-kYrkKh hQtRWm"
              type="button"
            >
               
            </button>
            <button
              class="sc-jSgupP ikPfBF sc-kYrkKh hQtRWm"
              type="button"
            >
               
            </button>
            <button
              class="sc-jSgupP ikPfBF sc-kYrkKh hQtRWm"
              type="button"
            >
               
            </button>
            <button
              class="sc-jSgupP ikPfBF sc-kYrkKh hQtRWm"
              type="button"
            >
               
            </button>
            <button
              class="sc-jSgupP ikPfBF sc-kYrkKh hQtRWm"
              type="button"
            >
               
            </button>
            <button
              class="sc-jSgupP ikPfBF sc-kYrkKh hQtRWm"
              type="button"
            >
               
            </button>
            <button
              class="sc-jSgupP ikPfBF sc-kYrkKh hQtRWm"
              type="button"
            >
               
            </button>
            <button
              class="sc-jSgupP ikPfBF sc-kYrkKh hQtRWm"
              type="button"
            >
               
            </button>
            <button
              class="sc-jSgupP ikPfBF sc-kYrkKh hQtRWm"
              type="button"
            >
               
            </button>
            <button
              class="sc-jSgupP ikPfBF sc-kYrkKh hQtRWm"
              type="button"
            >
               
            </button>
            <button
              class="sc-jSgupP ikPfBF sc-kYrkKh hQtRWm"
              type="button"
            >
               
            </button>
            <button
              class="sc-jSgupP ikPfBF sc-kYrkKh hQtRWm"
              type="button"
            >
               
            </button>
            <button
              class="sc-jSgupP ikPfBF sc-kYrkKh hQtRWm"
              type="button"
            >
               
            </button>
            <button
              class="sc-jSgupP ikPfBF sc-kYrkKh hQtRWm"
              type="button"
            >
               
            </button>
            <button
              class="sc-jSgupP ikPfBF sc-kYrkKh hQtRWm"
              type="button"
            >
               
            </button>
            <button
              class="sc-jSgupP ikPfBF sc-kYrkKh hQtRWm"
              type="button"
            >
               
            </button>
            <button
              class="sc-jSgupP ikPfBF sc-kYrkKh hQtRWm"
              type="button"
            >
               
            </button>
          </div>
        </div>
      </div>
    </div>
  </body>,
  "container": <div>
    <header
      class="sc-gsTCUz kLiwXF"
    >
      <div
        class="sc-bXDlPE fRaozC sc-fHuLdG kXjXPE"
      >
        <button
          class="sc-jSgupP eNEwFx"
          type="button"
        >
          Game size
        </button>
      </div>
    </header>
    <div
      class="sc-dFJsGO cqQxjT sc-eHfQar idyTgo"
    >
      <div
        class="sc-euMpXR fqDwqG"
        data-active="true"
      >
        Bugsweeper
      </div>
      <div
        class="sc-gInsOo fnhHlM"
      >
        <div
          class="sc-bBrOnJ BLhJT sc-dkIXFM cHUkBK"
        >
          <div
            class="sc-dmlrTW cRsllR sc-XhUPp fSYWEw"
          >
            <div
              class="sc-hHftDr gBwTXM"
            >
              <span
                class="horizontal top active"
              />
              <span
                class="center"
              />
              <span
                class="horizontal bottom active"
              />
              <span
                class="vertical top left active"
              />
              <span
                class="vertical top right active"
              />
              <span
                class="vertical bottom left active"
              />
              <span
                class="vertical bottom right active"
              />
            </div>
            <div
              class="sc-hHftDr gBwTXM"
            >
              <span
                class="horizontal top"
              />
              <span
                class="center"
              />
              <span
                class="horizontal bottom"
              />
              <span
                class="vertical top left"
              />
              <span
                class="vertical top right active"
              />
              <span
                class="vertical bottom left"
              />
              <span
                class="vertical bottom right active"
              />
            </div>
            <div
              class="sc-hHftDr gBwTXM"
            >
              <span
                class="horizontal top active"
              />
              <span
                class="center"
              />
              <span
                class="horizontal bottom active"
              />
              <span
                class="vertical top left active"
              />
              <span
                class="vertical top right active"
              />
              <span
                class="vertical bottom left active"
              />
              <span
                class="vertical bottom right active"
              />
            </div>
          </div>
          <button
            class="sc-jSgupP fGmjUd sc-tYoTV iWrYfE"
            type="button"
          >
            <img
              alt=":)"
              class="sc-ikPAkQ IXioS"
              src="smileyface.svg"
            />
          </button>
          <div
            class="sc-dmlrTW cRsllR sc-XhUPp fSYWEw"
          >
            <div
              class="sc-hHftDr gBwTXM"
            >
              <span
                class="horizontal top active"
              />
              <span
                class="center"
              />
              <span
                class="horizontal bottom active"
              />
              <span
                class="vertical top left active"
              />
              <span
                class="vertical top right active"
              />
              <span
                class="vertical bottom left active"
              />
              <span
                class="vertical bottom right active"
              />
            </div>
            <div
              class="sc-hHftDr gBwTXM"
            >
              <span
                class="horizontal top active"
              />
              <span
                class="center"
              />
              <span
                class="horizontal bottom active"
              />
              <span
                class="vertical top left active"
              />
              <span
                class="vertical top right active"
              />
              <span
                class="vertical bottom left active"
              />
              <span
                class="vertical bottom right active"
              />
            </div>
            <div
              class="sc-hHftDr gBwTXM"
            >
              <span
                class="horizontal top active"
              />
              <span
                class="center"
              />
              <span
                class="horizontal bottom active"
              />
              <span
                class="vertical top left active"
              />
              <span
                class="vertical top right active"
              />
              <span
                class="vertical bottom left active"
              />
              <span
                class="vertical bottom right active"
              />
            </div>
          </div>
        </div>
        <div
          class="sc-biBrSq eljSCJ"
          id="board"
        >
          <button
            class="sc-jSgupP ikPfBF sc-kYrkKh hQtRWm"
            type="button"
          >
             
          </button>
          <button
            class="sc-jSgupP ikPfBF sc-kYrkKh hQtRWm"
            type="button"
          >
             
          </button>
          <button
            class="sc-jSgupP ikPfBF sc-kYrkKh hQtRWm"
            type="button"
          >
             
          </button>
          <button
            class="sc-jSgupP ikPfBF sc-kYrkKh hQtRWm"
            type="button"
          >
             
          </button>
          <button
            class="sc-jSgupP ikPfBF sc-kYrkKh hQtRWm"
            type="button"
          >
             
          </button>
          <button
            class="sc-jSgupP ikPfBF sc-kYrkKh hQtRWm"
            type="button"
          >
             
          </button>
          <button
            class="sc-jSgupP ikPfBF sc-kYrkKh hQtRWm"
            type="button"
          >
             
          </button>
          <button
            class="sc-jSgupP ikPfBF sc-kYrkKh hQtRWm"
            type="button"
          >
             
          </button>
          <button
            class="sc-jSgupP ikPfBF sc-kYrkKh hQtRWm"
            type="button"
          >
             
          </button>
          <button
            class="sc-jSgupP ikPfBF sc-kYrkKh hQtRWm"
            type="button"
          >
             
          </button>
          <button
            class="sc-jSgupP ikPfBF sc-kYrkKh hQtRWm"
            type="button"
          >
             
          </button>
          <button
            class="sc-jSgupP ikPfBF sc-kYrkKh hQtRWm"
            type="button"
          >
             
          </button>
          <button
            class="sc-jSgupP ikPfBF sc-kYrkKh hQtRWm"
            type="button"
          >
             
          </button>
          <button
            class="sc-jSgupP ikPfBF sc-kYrkKh hQtRWm"
            type="button"
          >
             
          </button>
          <button
            class="sc-jSgupP ikPfBF sc-kYrkKh hQtRWm"
            type="button"
          >
             
          </button>
          <button
            class="sc-jSgupP ikPfBF sc-kYrkKh hQtRWm"
            type="button"
          >
             
          </button>
          <button
            class="sc-jSgupP ikPfBF sc-kYrkKh hQtRWm"
            type="button"
          >
             
          </button>
          <button
            class="sc-jSgupP ikPfBF sc-kYrkKh hQtRWm"
            type="button"
          >
             
          </button>
          <button
            class="sc-jSgupP ikPfBF sc-kYrkKh hQtRWm"
            type="button"
          >
             
          </button>
          <button
            class="sc-jSgupP ikPfBF sc-kYrkKh hQtRWm"
            type="button"
          >
             
          </button>
          <button
            class="sc-jSgupP ikPfBF sc-kYrkKh hQtRWm"
            type="button"
          >
             
          </button>
          <button
            class="sc-jSgupP ikPfBF sc-kYrkKh hQtRWm"
            type="button"
          >
             
          </button>
          <button
            class="sc-jSgupP ikPfBF sc-kYrkKh hQtRWm"
            type="button"
          >
             
          </button>
          <button
            class="sc-jSgupP ikPfBF sc-kYrkKh hQtRWm"
            type="button"
          >
             
          </button>
          <button
            class="sc-jSgupP ikPfBF sc-kYrkKh hQtRWm"
            type="button"
          >
             
          </button>
          <button
            class="sc-jSgupP ikPfBF sc-kYrkKh hQtRWm"
            type="button"
          >
             
          </button>
          <button
            class="sc-jSgupP ikPfBF sc-kYrkKh hQtRWm"
            type="button"
          >
             
          </button>
          <button
            class="sc-jSgupP ikPfBF sc-kYrkKh hQtRWm"
            type="button"
          >
             
          </button>
          <button
            class="sc-jSgupP ikPfBF sc-kYrkKh hQtRWm"
            type="button"
          >
             
          </button>
          <button
            class="sc-jSgupP ikPfBF sc-kYrkKh hQtRWm"
            type="button"
          >
             
          </button>
          <button
            class="sc-jSgupP ikPfBF sc-kYrkKh hQtRWm"
            type="button"
          >
             
          </button>
          <button
            class="sc-jSgupP ikPfBF sc-kYrkKh hQtRWm"
            type="button"
          >
             
          </button>
          <button
            class="sc-jSgupP ikPfBF sc-kYrkKh hQtRWm"
            type="button"
          >
             
          </button>
          <button
            class="sc-jSgupP ikPfBF sc-kYrkKh hQtRWm"
            type="button"
          >
             
          </button>
          <button
            class="sc-jSgupP ikPfBF sc-kYrkKh hQtRWm"
            type="button"
          >
             
          </button>
          <button
            class="sc-jSgupP ikPfBF sc-kYrkKh hQtRWm"
            type="button"
          >
             
          </button>
          <button
            class="sc-jSgupP ikPfBF sc-kYrkKh hQtRWm"
            type="button"
          >
             
          </button>
          <button
            class="sc-jSgupP ikPfBF sc-kYrkKh hQtRWm"
            type="button"
          >
             
          </button>
          <button
            class="sc-jSgupP ikPfBF sc-kYrkKh hQtRWm"
            type="button"
          >
             
          </button>
          <button
            class="sc-jSgupP ikPfBF sc-kYrkKh hQtRWm"
            type="button"
          >
             
          </button>
          <button
            class="sc-jSgupP ikPfBF sc-kYrkKh hQtRWm"
            type="button"
          >
             
          </button>
          <button
            class="sc-jSgupP ikPfBF sc-kYrkKh hQtRWm"
            type="button"
          >
             
          </button>
          <button
            class="sc-jSgupP ikPfBF sc-kYrkKh hQtRWm"
            type="button"
          >
             
          </button>
          <button
            class="sc-jSgupP ikPfBF sc-kYrkKh hQtRWm"
            type="button"
          >
             
          </button>
          <button
            class="sc-jSgupP ikPfBF sc-kYrkKh hQtRWm"
            type="button"
          >
             
          </button>
          <button
            class="sc-jSgupP ikPfBF sc-kYrkKh hQtRWm"
            type="button"
          >
             
          </button>
          <button
            class="sc-jSgupP ikPfBF sc-kYrkKh hQtRWm"
            type="button"
          >
             
          </button>
          <button
            class="sc-jSgupP ikPfBF sc-kYrkKh hQtRWm"
            type="button"
          >
             
          </button>
          <button
            class="sc-jSgupP ikPfBF sc-kYrkKh hQtRWm"
            type="button"
          >
             
          </button>
          <button
            class="sc-jSgupP ikPfBF sc-kYrkKh hQtRWm"
            type="button"
          >
             
          </button>
          <button
            class="sc-jSgupP ikPfBF sc-kYrkKh hQtRWm"
            type="button"
          >
             
          </button>
          <button
            class="sc-jSgupP ikPfBF sc-kYrkKh hQtRWm"
            type="button"
          >
             
          </button>
          <button
            class="sc-jSgupP ikPfBF sc-kYrkKh hQtRWm"
            type="button"
          >
             
          </button>
          <button
            class="sc-jSgupP ikPfBF sc-kYrkKh hQtRWm"
            type="button"
          >
             
          </button>
          <button
            class="sc-jSgupP ikPfBF sc-kYrkKh hQtRWm"
            type="button"
          >
             
          </button>
          <button
            class="sc-jSgupP ikPfBF sc-kYrkKh hQtRWm"
            type="button"
          >
             
          </button>
          <button
            class="sc-jSgupP ikPfBF sc-kYrkKh hQtRWm"
            type="button"
          >
             
          </button>
          <button
            class="sc-jSgupP ikPfBF sc-kYrkKh hQtRWm"
            type="button"
          >
             
          </button>
          <button
            class="sc-jSgupP ikPfBF sc-kYrkKh hQtRWm"
            type="button"
          >
             
          </button>
          <button
            class="sc-jSgupP ikPfBF sc-kYrkKh hQtRWm"
            type="button"
          >
             
          </button>
          <button
            class="sc-jSgupP ikPfBF sc-kYrkKh hQtRWm"
            type="button"
          >
             
          </button>
          <button
            class="sc-jSgupP ikPfBF sc-kYrkKh hQtRWm"
            type="button"
          >
             
          </button>
          <button
            class="sc-jSgupP ikPfBF sc-kYrkKh hQtRWm"
            type="button"
          >
             
          </button>
          <button
            class="sc-jSgupP ikPfBF sc-kYrkKh hQtRWm"
            type="button"
          >
             
          </button>
        </div>
      </div>
    </div>
  </div>,
  "debug": [Function],
  "findAllByAltText": [Function],
  "findAllByDisplayValue": [Function],
  "findAllByLabelText": [Function],
  "findAllByPlaceholderText": [Function],
  "findAllByRole": [Function],
  "findAllByTestId": [Function],
  "findAllByText": [Function],
  "findAllByTitle": [Function],
  "findByAltText": [Function],
  "findByDisplayValue": [Function],
  "findByLabelText": [Function],
  "findByPlaceholderText": [Function],
  "findByRole": [Function],
  "findByTestId": [Function],
  "findByText": [Function],
  "findByTitle": [Function],
  "getAllByAltText": [Function],
  "getAllByDisplayValue": [Function],
  "getAllByLabelText": [Function],
  "getAllByPlaceholderText": [Function],
  "getAllByRole": [Function],
  "getAllByTestId": [Function],
  "getAllByText": [Function],
  "getAllByTitle": [Function],
  "getByAltText": [Function],
  "getByDisplayValue": [Function],
  "getByLabelText": [Function],
  "getByPlaceholderText": [Function],
  "getByRole": [Function],
  "getByTestId": [Function],
  "getByText": [Function],
  "getByTitle": [Function],
  "queryAllByAltText": [Function],
  "queryAllByDisplayValue": [Function],
  "queryAllByLabelText": [Function],
  "queryAllByPlaceholderText": [Function],
  "queryAllByRole": [Function],
  "queryAllByTestId": [Function],
  "queryAllByText": [Function],
  "queryAllByTitle": [Function],
  "queryByAltText": [Function],
  "queryByDisplayValue": [Function],
  "queryByLabelText": [Function],
  "queryByPlaceholderText": [Function],
  "queryByRole": [Function],
  "queryByTestId": [Function],
  "queryByText": [Function],
  "queryByTitle": [Function],
  "rerender": [Function],
  "unmount": [Function],
}
`;
